[()]
[()]
[()]
[()]
[()]
[((Error (mork:zipper-depth (NativeHandle "mork-product-cursor" 1099511627778)) expected mork-cursor handle))]
[((Error (mork:zipper-depth (NativeHandle "mork-overlay-cursor" 30064771328)) expected mork-cursor handle))]
[()]
[((Error (mork:zipper-depth (NativeHandle "mork-cursor" 4294967302)) expected mork-cursor handle))]
[((Error (mork:zipper-close! (NativeHandle "mork-cursor" 4294967302)) "unknown or closed mork-cursor handle"))]
[((Error (mork:product-zipper-depth (NativeHandle "mork-cursor" 4294967302)) expected mork-product-cursor handle))]
[((Error (mork:product-zipper-depth (NativeHandle "mork-overlay-cursor" 30064771328)) expected mork-product-cursor handle))]
[()]
[((Error (mork:product-zipper-depth (NativeHandle "mork-product-cursor" 1099511627778)) expected mork-product-cursor handle))]
[((Error (mork:product-zipper-close! (NativeHandle "mork-product-cursor" 1099511627778)) "unknown or closed mork-product-cursor handle"))]
[((Error (mork:overlay-zipper-depth (NativeHandle "mork-cursor" 4294967302)) expected mork-overlay-cursor handle))]
[((Error (mork:overlay-zipper-depth (NativeHandle "mork-product-cursor" 1099511627778)) expected mork-overlay-cursor handle))]
[()]
[((Error (mork:overlay-zipper-depth (NativeHandle "mork-overlay-cursor" 30064771328)) expected mork-overlay-cursor handle))]
[((Error (mork:overlay-zipper-close! (NativeHandle "mork-overlay-cursor" 30064771328)) "unknown or closed mork-overlay-cursor handle"))]
