
== PeTTa --he native surface ==
is true, should true. ✅ 
is true, should true. ✅ 
is 10, should 10. ✅ 
is 11, should 11. ✅ 
is 22, should 22. ✅ 
true
true
true
true
true
PASS PeTTa --he native surface

== PeTTa --he foreign callable heads ==
Assertion failed: (assertEqual (&pow 2 3) 8.0)
Expected results: (8.0)
Actual results: ((&pow 2 3))
FAIL PeTTa --he foreign callable heads

== PeTTa --he executable spec core corpus ==
is ok, should ok. ✅ 
is ok, should ok. ✅ 
is ok, should ok. ✅ 
is ok, should ok. ✅ 
is 5, should 5. ✅ 
is (), should (). ✅ 
is 42, should 42. ✅ 
is ok, should ok. ✅ 
is SpecType, should SpecType. ✅ 
is ok, should ok. ✅ 
is Symbol, should Symbol. ✅ 
is Grounded, should Grounded. ✅ 
is Grounded, should Grounded. ✅ 
is Expression, should Expression. ✅ 
is Variable, should Variable. ✅ 
is (), should (). ✅ 
is (Error some-atom BadType), should (Error some-atom BadType). ✅ 
is 3, should 3. ✅ 
is 5, should 5. ✅ 
is 10, should 10. ✅ 
is yes, should yes. ✅ 
is no, should no. ✅ 
is (a (b c)), should (a (b c)). ✅ 
is (a b c), should (a b c). ✅ 
is 42, should 42. ✅ 
is "(+ 20 22)", should "(+ 20 22)". ✅ 
is (1 2 3), should (1 2 3). ✅ 
is (1 2 3), should (1 2 3). ✅ 
is 3, should 3. ✅ 
is "(+ 1 2)", should "(+ 1 2)". ✅ 
is spec-typed, should spec-typed. ✅ 
is "((Error spec-typed (BadType OtherType SpecType)))", should "((Error spec-typed (BadType OtherType SpecType)))". ✅ 
is &self, should &self. ✅ 
is matched, should matched. ✅ 
is matched, should matched. ✅ 
is missed, should missed. ✅ 
is (unknown-spec-call 1 2), should (unknown-spec-call 1 2). ✅ 
is (), should (). ✅ 
is ok, should ok. ✅ 
is A, should A. ✅ 
is B, should B. ✅ 
is (), should (). ✅ 
is (A B), should (A B). ✅ 
true
true
true
true
true
3
true
true
true
true
true
true
true
true
true
true
true
true
true
true
true
true
true
true
true
true
true
true
true
true
true
true
true
true
true
true
true
true
true
true
true
true
true
true
PASS PeTTa --he executable spec core corpus

== PeTTa --he executable spec type/error corpus ==
is 7, should 7. ✅ 
is 5, should 5. ✅ 
is "(a)", should "(a)". ✅ 
is "((Error (he-num-id 1 2) IncorrectNumberOfArguments))", should "((Error (he-num-id 1 2) IncorrectNumberOfArguments))". ✅ 
is "(+ 1 2)", should "(+ 1 2)". ✅ 
is "(+ 1 2)", should "(+ 1 2)". ✅ 
is raw-symbol, should raw-symbol. ✅ 
is 7, should 7. ✅ 
is he-cast-number, should he-cast-number. ✅ 
is he-cast-number, should he-cast-number. ✅ 
is "((Error he-cast-number (BadType String Number)))", should "((Error he-cast-number (BadType String Number)))". ✅ 
is he-cast-symbol, should he-cast-symbol. ✅ 
is "((Error he-cast-symbol (BadType OtherSymbolish Symbolish)))", should "((Error he-cast-symbol (BadType OtherSymbolish Symbolish)))". ✅ 
is "((Error (he-bad-ret 1) (BadType Symbol Number)))", should "((Error (he-bad-ret 1) (BadType Symbol Number)))". ✅ 
true
true
true
true
true
true
true
true
true
true
true
true
true
true
(Error (return 42) NoReturn)
PASS PeTTa --he executable spec type/error corpus

== PeTTa --he arithmetic boundary ==
is 70000.6, should 70000.6. ✅ 
is 3, should 3. ✅ 
is 2, should 2. ✅ 
is -2, should -2. ✅ 
true
true
true
true
PASS PeTTa --he arithmetic boundary

== PeTTa --he arithmetic helpers ==
is 70000.6, should 70000.6. ✅ 
is 2, should 2. ✅ 
is -2, should -2. ✅ 
is -2, should -2. ✅ 
is -1, should -1. ✅ 
is (70000 3), should (70000 3). ✅ 
is -2, should -2. ✅ 
is -1, should -1. ✅ 
is 2, should 2. ✅ 
is (70000 3), should (70000 3). ✅ 
true
true
true
true
true
true
true
true
true
true
PASS PeTTa --he arithmetic helpers

== default PeTTa arithmetic unchanged ==
is 70000.6, should 70000.6. ✅ 
is 2, should 2. ✅ 
is -2, should -2. ✅ 
true
true
true
PASS default PeTTa arithmetic unchanged

== default PeTTa lib_he remains a real import ==
is ok, should ok. ✅ 
true
true
PASS default PeTTa lib_he remains a real import

== default PeTTa does not expose HE arithmetic helpers ==
is "(quot 7 3)", should "(quot 7 3)". ✅ 
is "(math.rem 7 3)", should "(math.rem 7 3)". ✅ 
true
true
PASS default PeTTa does not expose HE arithmetic helpers

== PeTTa --he private user-head namespace ==
true
true
true
true
PASS PeTTa --he private user-head namespace

== PeTTa --he partial callables ==
true
true
true
PASS PeTTa --he partial callables

== PeTTa --he variable-head data ==
true
true
PASS PeTTa --he variable-head data

== PeTTa --he translated PeTTa test compatibility ==
true
true
true
true
PASS PeTTa --he translated PeTTa test compatibility

== PeTTa --he dynamic callable returns ==
true
true
PASS PeTTa --he dynamic callable returns

== PeTTa --he expression-head callables ==
true
PASS PeTTa --he expression-head callables

== PeTTa --he destructured let expression patterns ==
true
PASS PeTTa --he destructured let expression patterns

== PeTTa --he singleton expression space patterns ==
()
()
true
true
PASS PeTTa --he singleton expression space patterns

== PeTTa --he collapse in data tuples ==
true
PASS PeTTa --he collapse in data tuples

== PeTTa --he foldl compatibility ==
true
true
PASS PeTTa --he foldl compatibility

== PeTTa --he chain cut side effects ==
()
true
PASS PeTTa --he chain cut side effects

== PeTTa --he specialization type facts ==
42
42
true
true
PASS PeTTa --he specialization type facts

== PeTTa --he get-type data tuples ==
true
true
PASS PeTTa --he get-type data tuples

== PeTTa --he composite wildcard type matching ==
true
PASS PeTTa --he composite wildcard type matching

== PeTTa --he polymorphic return alternate type ==
true
PASS PeTTa --he polymorphic return alternate type

== default PeTTa user-head/SWI collision is characterized ==
PASS default PeTTa user-head/SWI collision is characterized

== PeTTa --he examples/he_*.metta ==
examples/he_assert.metta PASS
examples/he_atomspace.metta PASS
examples/he_equalreduct.metta PASS
examples/he_error.metta PASS
examples/he_evaluation.metta PASS
examples/he_math.metta PASS
examples/he_minimalmetta.metta PASS
examples/he_quoting.metta PASS
examples/he_types.metta PASS

== PeTTa --he direct recursion benchmark ==
is 70000, should 70000. ✅ 
true
__TIME__ wall=0.33 rss_kb=15564 exit=0
PASS PeTTa --he direct recursion benchmark

== PeTTa --he native minimalmetta benchmark ==
is 70000, should 70000. ✅ 
true
__TIME__ wall=7.45 rss_kb=149380 exit=0
PASS PeTTa --he native minimalmetta benchmark

== PeTTa --he legacy he_minimalmetta example ==
is 70000, should 70000. ✅ 
true
true
__TIME__ wall=7.43 rss_kb=149724 exit=0
PASS PeTTa --he legacy he_minimalmetta example

== PeTTa --he relative lib_he ordinary import ==
is true, should true. ✅ 
true
PASS PeTTa --he relative lib_he ordinary import

== PeTTa --he absolute lib_he ordinary import ==
is true, should true. ✅ 
true
true
PASS PeTTa --he absolute lib_he ordinary import

== PeTTa --he oracle smoke expected output ==
PASS PeTTa --he oracle smoke expected output

== upstream HE oracle smoke expected output ==
SKIP upstream HE oracle smoke; set HE_METTA_BIN=/path/to/metta to enable it.
